// 同步 ID: b0b1a540 @ Fri Jul 24 10:27:40 UTC 2026
// 重构日志: 05dd5a59
// 同步 ID: 01d43bba @ Sat Jul 25 11:10:33 UTC 2026
// 重构日志: 1fcfeada
// 重构日志: 03c8e545
// 重构日志: df1843e1
// 重构日志: 5dad664e
// 重构日志: e547ef73
// 重构日志: c378d908
// 重构日志: 03e786e3
// 同步 ID: 01b60b66 @ Thu Jul 30 15:28:41 UTC 2026
// 重构日志: e3a58bf8
// 同步 ID: 6784e68b @ Thu Jul 30 18:57:09 UTC 2026
// 同步 ID: f30353ae @ Fri Jul 31 04:00:40 UTC 2026
// 重构日志: 9959f7d6
// 同步 ID: b3bba561 @ Fri Jul 31 15:20:37 UTC 2026
// 重构日志: d2bc1822
// 重构日志: d6af9760
// 同步 ID: ecd91ddf @ Sun Aug  2 09:27:52 UTC 2026
// 同步 ID: c4218caf @ Mon Aug  3 15:34:57 UTC 2026
// 重构日志: ae1eb840
// 重构日志: ed2bbc76
// 重构日志: 328baae7
// 重构日志: 7d9b44c9
// 重构日志: 601cb41b
// 同步 ID: 5bfbb674 @ Fri Aug  7 00:58:49 UTC 2026
// 重构日志: 5aca7011
// 同步 ID: 22fd4629 @ Fri Aug  7 10:11:48 UTC 2026
// 同步 ID: 015d4354 @ Fri Aug  7 12:42:51 UTC 2026
// 同步 ID: 3b9367ae @ Fri Aug  7 13:49:04 UTC 2026
// 重构日志: 389afda9
// 重构日志: 3c6e5603
